Query of First Question:

news=> create view qmostartview as select articles.title, subq.views
from ( select subq1.slug, count(*) as views from (
select articles.slug, log.path from articles cross join log
where log.path like ('%'|| articles.slug ||'%')
and status = '200 OK') as subq1 group by subq1.slug) as subq
cross join articles where articles.slug = subq.slug 
order by subq.views desc limit 3;
CREATE VIEW

news=> select * from qmostartview;
              title               | views
----------------------------------+--------
 Candidate is jerk, alleges rival | 338647
 Bears love berries, alleges bear | 253801
 Bad things gone, say good people | 170098
(3 rows)
___________________________________________________________________________________

Query of second Question:

news=> create view qpopaut as select authors.name,  sum(subq.views) as view from (
select subq1.slug, count(*) as views from ( select articles.slug,
log.path from articles cross join log where log.path like
('%'|| articles.slug ||'%') and status = '200 OK') as subq1 group by subq1.slug) as
subq cross join articles, authors where articles.author =
authors.id and articles.slug = subq.slug group by authors.id order by view desc;
CREATE VIEW

news=> select * from qpopaut;
          name          | views
------------------------+--------
 Ursula La Multa        | 507594
 Rudolf von Treppenwitz | 423457
 Anonymous Contributor  | 170098
 Markoff Chaney         |  84557

(4 rows)
_____________________________________________________________________________________

Query of third Question:

news=> create view qdayerror as select concat(date_part('day', date(time)), '-',
date_part('month', date(time)), '-', date_part('year', date(time))) as Date, percentage
from ( select day, percentage from ( select qdayerr.day, qdayerr.errors * 100 / qdayall.views
as percentage from ( select date_part('day', date(time)) as day, count(*) as errors from 
log where status != '200 OK' group by day order by day) as qdayerr join (select
date_part('day', date(time)) as day, count(*) as views from log group by day order by day)
as qdayall on qdayerr.day = qdayall.day) as qr where percentage > 1) as qf join log on 
date_part('day', date(time)) = qf.day limit 1;
CREATE VIEW

news=> select * from qdayerror;
   date    | percentage
-----------+------------
 17-7-2016 |          2
(1 row)



